This is LuaTeX, Version 0.95.0 (TeX Live 2016/W32TeX)  (format=lualatex 2016.8.12)  18 OCT 2016 23:21
 restricted system commands enabled.
**main.tex
(./main.tex
LaTeX2e <2016/03/31> patch level 3
Babel <3.9r> and hyphenation patterns for 1 language(s) loaded.
(c:/texlive/2016/texmf-dist/tex/latex/base/report.cls
Document Class: report 2014/09/29 v1.4h Standard LaTeX document class
(c:/texlive/2016/texmf-dist/tex/latex/base/size10.clo
File: size10.clo 2014/09/29 v1.4h Standard LaTeX file (size option)
)
\c@part=\count79
\c@chapter=\count80
\c@section=\count81
\c@subsection=\count82
\c@subsubsection=\count83
\c@paragraph=\count84
\c@subparagraph=\count85
\c@figure=\count86
\c@table=\count87
\abovecaptionskip=\skip41
\belowcaptionskip=\skip42
\bibindent=\dimen102
)
\@input{Preamble.aux}

\openout2 = Preamble.aux
(./Preamble.tex (c:/texlive/2016/texmf-dist/tex/generic/babel/babel.sty
Package: babel 2016/04/23 3.9r The Babel package

(c:/texlive/2016/texmf-dist/tex/generic/babel/luababel.def
\l@dumylang=\language1
\l@nohyphenation=\language2
\l@german-x-2014-05-21=\language3
\l@ngerman-x-2014-05-21=\language4
\l@afrikaans=\language5
\l@ancientgreek=\language6
\l@ibycus=\language7
\l@arabic=\language8
\l@armenian=\language9
\l@basque=\language10
\l@bulgarian=\language11
\l@catalan=\language12
\l@pinyin=\language13
\l@churchslavonic=\language14
\l@coptic=\language15
\l@croatian=\language16
\l@czech=\language17
\l@danish=\language18
\l@dutch=\language19
\l@ukenglish=\language20
\l@usenglishmax=\language21
\l@esperanto=\language22
\l@estonian=\language23
\l@ethiopic=\language24
\l@farsi=\language25
\l@finnish=\language26
\l@french=\language27
\l@friulan=\language28
\l@galician=\language29
\l@georgian=\language30
\l@german=\language31
\l@ngerman=\language32
\l@swissgerman=\language33
\l@monogreek=\language34
\l@greek=\language35
\l@hungarian=\language36
\l@icelandic=\language37
\l@assamese=\language38
\l@bengali=\language39
\l@gujarati=\language40
\l@hindi=\language41
\l@kannada=\language42
\l@malayalam=\language43
\l@marathi=\language44
\l@oriya=\language45
\l@panjabi=\language46
\l@tamil=\language47
\l@telugu=\language48
\l@indonesian=\language49
\l@interlingua=\language50
\l@irish=\language51
\l@italian=\language52
\l@kurmanji=\language53
\l@latin=\language54
\l@classiclatin=\language55
\l@liturgicallatin=\language56
\l@latvian=\language57
\l@lithuanian=\language58
\l@mongolian=\language59
\l@mongolianlmc=\language60
\l@bokmal=\language61
\l@nynorsk=\language62
\l@occitan=\language63
\l@piedmontese=\language64
\l@polish=\language65
\l@portuguese=\language66
\l@romanian=\language67
\l@romansh=\language68
\l@russian=\language69
\l@sanskrit=\language70
\l@serbian=\language71
\l@serbianc=\language72
\l@slovak=\language73
\l@slovenian=\language74
\l@spanish=\language75
\l@swedish=\language76
\l@thai=\language77
\l@turkish=\language78
\l@turkmen=\language79
\l@ukrainian=\language80
\l@uppersorbian=\language81
\l@welsh=\language82
)
(c:/texlive/2016/texmf-dist/tex/generic/babel-english/english.ldf
Language: english 2012/08/20 v3.3p English support from the babel system

(c:/texlive/2016/texmf-dist/tex/generic/babel/babel.def
File: babel.def 2016/04/23 3.9r Babel common definitions
\babel@savecnt=\count88
\U@D=\dimen103

(c:/texlive/2016/texmf-dist/tex/generic/babel/luababel.def))
\l@canadian = a dialect from \language\l@american 
\l@australian = a dialect from \language\l@british 
\l@newzealand = a dialect from \language\l@british 
))
(c:/texlive/2016/texmf-dist/tex/latex/base/inputenc.sty
Package: inputenc 2015/03/17 v1.2c Input encoding file
\inpenc@prehook=\toks14
\inpenc@posthook=\toks15


! Package inputenc Error: inputenc is not designed for xetex or luatex.
(inputenc)                only UTF-8 supported.

See the inputenc package documentation for explanation.
Type  H <return>  for immediate help.
 ...                                              
                                                  
l.158 \endinput
             
For xelatex or lualatex save the document in UTF-8 encoding
and do not use inputenc, or use the [utf8] option.

) (c:/texlive/2016/texmf-dist/tex/latex/base/fontenc.sty
Package: fontenc 2016/06/19 v1.99m Standard LaTeX package

(c:/texlive/2016/texmf-dist/tex/latex/base/t1enc.def
File: t1enc.def 2016/06/19 v1.99m Standard LaTeX file
LaTeX Font Info:    Redeclaring font encoding T1 on input line 48.
))
(c:/texlive/2016/texmf-dist/tex/latex/graphics/graphicx.sty
Package: graphicx 2014/10/28 v1.0g Enhanced LaTeX Graphics (DPC,SPQR)

(c:/texlive/2016/texmf-dist/tex/latex/graphics/keyval.sty
Package: keyval 2014/10/28 v1.15 key=value parser (DPC)
\KV@toks@=\toks16
)
(c:/texlive/2016/texmf-dist/tex/latex/graphics/graphics.sty
Package: graphics 2016/07/10 v1.0t Standard LaTeX Graphics (DPC,SPQR)

(c:/texlive/2016/texmf-dist/tex/latex/graphics/trig.sty
Package: trig 2016/01/03 v1.10 sin cos tan (DPC)
)
(c:/texlive/2016/texmf-dist/tex/latex/graphics-cfg/graphics.cfg
File: graphics.cfg 2016/06/04 v1.11 sample graphics configuration
)
Package graphics Info: Driver file: luatex.def on input line 99.

(c:/texlive/2016/texmf-dist/tex/latex/graphics-def/luatex.def
File: luatex.def 2016/07/11 v0.01f Graphics/Color for luaTeX

(c:/texlive/2016/texmf-dist/tex/generic/oberdiek/infwarerr.sty
Package: infwarerr 2016/05/16 v1.4 Providing info/warning/error messages (HO)
)
(c:/texlive/2016/texmf-dist/tex/generic/oberdiek/ltxcmds.sty
Package: ltxcmds 2016/05/16 v1.23 LaTeX kernel commands for general use (HO)
)
\Gread@gobject=\count89
))
\Gin@req@height=\dimen104
\Gin@req@width=\dimen105
)
(c:/texlive/2016/texmf-dist/tex/latex/graphics/color.sty
Package: color 2016/07/10 v1.1e Standard LaTeX Color (DPC)

(c:/texlive/2016/texmf-dist/tex/latex/graphics-cfg/color.cfg
File: color.cfg 2016/01/02 v1.6 sample color configuration
)
Package color Info: Driver file: luatex.def on input line 147.
)
(c:/texlive/2016/texmf-dist/tex/latex/xcolor/xcolor.sty
Package: xcolor 2016/05/11 v2.12 LaTeX color extensions (UK)

(c:/texlive/2016/texmf-dist/tex/latex/graphics-cfg/color.cfg
File: color.cfg 2016/01/02 v1.6 sample color configuration
)
Package xcolor Info: Driver file: luatex.def on input line 225.

(c:/texlive/2016/texmf-dist/tex/latex/colortbl/colortbl.sty
Package: colortbl 2012/02/13 v1.0a Color table columns (DPC)

(c:/texlive/2016/texmf-dist/tex/latex/tools/array.sty
Package: array 2014/10/28 v2.4c Tabular extension package (FMi)
\col@sep=\dimen106
\extrarowheight=\dimen107
\NC@list=\toks17
\extratabsurround=\skip43
\backup@length=\skip44
)
\everycr=\toks18
\minrowclearance=\skip45
)
LaTeX Info: Redefining \color on input line 709.
\rownum=\count90
Package xcolor Info: Model `cmy' substituted by `cmy0' on input line 1348.
Package xcolor Info: Model `hsb' substituted by `rgb' on input line 1352.
Package xcolor Info: Model `RGB' extended on input line 1364.
Package xcolor Info: Model `HTML' substituted by `rgb' on input line 1366.
Package xcolor Info: Model `Hsb' substituted by `hsb' on input line 1367.
Package xcolor Info: Model `tHsb' substituted by `hsb' on input line 1368.
Package xcolor Info: Model `HSB' substituted by `hsb' on input line 1369.
Package xcolor Info: Model `Gray' substituted by `gray' on input line 1370.
Package xcolor Info: Model `wave' substituted by `hsb' on input line 1371.
)
(c:/texlive/2016/texmf-dist/tex/latex/eso-pic/eso-pic.sty
Package: eso-pic 2015/07/21 v2.0g eso-pic (RN)

(c:/texlive/2016/texmf-dist/tex/generic/oberdiek/atbegshi.sty
Package: atbegshi 2016/06/09 v1.18 At begin shipout hook (HO)

(c:/texlive/2016/texmf-dist/tex/generic/oberdiek/ifpdf.sty
Package: ifpdf 2016/05/14 v3.1 Provides the ifpdf switch
)))
(c:/texlive/2016/texmf-dist/tex/latex/ms/everyshi.sty
Package: everyshi 2001/05/15 v3.00 EveryShipout Package (MS)
)
(c:/texlive/2016/texmf-dist/tex/latex/oberdiek/epstopdf.sty
Package: epstopdf 2016/05/15 v2.6 Conversion with epstopdf on the fly (HO)

(c:/texlive/2016/texmf-dist/tex/latex/oberdiek/epstopdf-base.sty
Package: epstopdf-base 2016/05/15 v2.6 Base part for package epstopdf

(c:/texlive/2016/texmf-dist/tex/latex/oberdiek/grfext.sty
Package: grfext 2016/05/16 v1.2 Manage graphics extensions (HO)

(c:/texlive/2016/texmf-dist/tex/generic/oberdiek/kvdefinekeys.sty
Package: kvdefinekeys 2016/05/16 v1.4 Define keys (HO)
))
(c:/texlive/2016/texmf-dist/tex/latex/oberdiek/kvoptions.sty
Package: kvoptions 2016/05/16 v3.12 Key value format for package options (HO)

(c:/texlive/2016/texmf-dist/tex/generic/oberdiek/kvsetkeys.sty
Package: kvsetkeys 2016/05/16 v1.17 Key value parser (HO)

(c:/texlive/2016/texmf-dist/tex/generic/oberdiek/etexcmds.sty
Package: etexcmds 2016/05/16 v1.6 Avoid name clashes with e-TeX commands (HO)

(c:/texlive/2016/texmf-dist/tex/generic/oberdiek/ifluatex.sty
Package: ifluatex 2016/05/16 v1.4 Provides the ifluatex switch (HO)
Package ifluatex Info: LuaTeX detected.
))))
(c:/texlive/2016/texmf-dist/tex/generic/oberdiek/pdftexcmds.sty
Package: pdftexcmds 2016/05/21 v0.22 Utility functions of pdfTeX for LuaTeX (HO)

Package pdftexcmds Info: \pdf@primitive is available.
Package pdftexcmds Info: \pdf@ifprimitive is available.
Package pdftexcmds Info: \pdfdraftmode found.

(c:/texlive/2016/texmf-dist/tex/generic/oberdiek/luatex-loader.sty
Package: luatex-loader 2016/05/16 v0.6 Lua module loader (HO)

(c:/texlive/2016/texmf-dist/scripts/oberdiek/oberdiek.luatex.lua))
\pdftexcmds@toks=\toks19
)
Package epstopdf-base Info: Redefining graphics rule for `.eps' on input line 43
8.
Package grfext Info: Graphics extension search list:
(grfext)             [.png,.pdf,.jpg,.mps,.jpeg,.jbig2,.jb2,.PNG,.PDF,.JPG,.JPEG
,.JBIG2,.JB2,.eps]
(grfext)             \AppendGraphicsExtensions on input line 456.

(c:/texlive/2016/texmf-dist/tex/latex/latexconfig/epstopdf-sys.cfg
File: epstopdf-sys.cfg 2010/07/13 v1.3 Configuration of (r)epstopdf for TeX Live

)))
(c:/texlive/2016/texmf-dist/tex/latex/caption/caption.sty
Package: caption 2016/02/21 v3.3-144 Customizing captions (AR)

(c:/texlive/2016/texmf-dist/tex/latex/caption/caption3.sty
Package: caption3 2016/05/22 v1.7-166 caption3 kernel (AR)
Package caption3 Info: TeX engine: e-TeX on input line 67.
\captionmargin=\dimen108
\captionmargin@=\dimen109
\captionwidth=\dimen110
\caption@tempdima=\dimen111
\caption@indent=\dimen112
\caption@parindent=\dimen113
\caption@hangindent=\dimen114
)
\c@ContinuedFloat=\count91
)
(c:/texlive/2016/texmf-dist/tex/latex/subfig/subfig.sty
Package: subfig 2005/06/28 ver: 1.3 subfig package
\c@KVtest=\count92
\sf@farskip=\skip46
\sf@captopadj=\dimen115
\sf@capskip=\skip47
\sf@nearskip=\skip48
\c@subfigure=\count93
\c@subfigure@save=\count94
\c@lofdepth=\count95
\c@subtable=\count96
\c@subtable@save=\count97
\c@lotdepth=\count98
\sf@top=\skip49
\sf@bottom=\skip50
)
(c:/texlive/2016/texmf-dist/tex/latex/graphics/rotating.sty
Package: rotating 2016/05/22 v2.16c rotated objects in LaTeX

(c:/texlive/2016/texmf-dist/tex/latex/base/ifthen.sty
Package: ifthen 2014/09/29 v1.1c Standard LaTeX ifthen package (DPC)
)
\c@r@tfl@t=\count99
\rotFPtop=\skip51
\rotFPbot=\skip52
\rot@float@box=\box26
\rot@mess@toks=\toks20
)
(c:/texlive/2016/texmf-dist/tex/latex/floatrow/floatrow.sty
Package: floatrow 2008/08/02 v0.3b floatrow: float package extension
\c@float@type=\count100
\float@exts=\toks21
\float@box=\box27
\@floatcapt=\box28
Package floatrow Info: Modified float package code loaded on input line 455.
Package floatrow Info: Modified rotfloat package code loaded on input line 473.
\FR@everyfloat=\toks22
\flrow@foot=\insert199
\FB@wd=\dimen116
\FBo@wd=\dimen117
\FBc@wd=\dimen118
\FBo@ht=\skip53
\FBc@ht=\skip54
\FBf@ht=\skip55
\FBo@max=\skip56
\FBc@max=\skip57
\FBf@max=\skip58
\c@FBl@b=\count101
\floatbox@depth=\count102
\c@FRobj=\count103
\c@FRsobj=\count104
\Xhsize=\skip59
\sXhsize=\skip60
\Zhsize=\skip61
\sZhsize=\skip62
\flrow@rowbox=\box29
\FR@Zunitlength=\dimen119
\c@FBcnt=\count105
\FPOScnt=\count106
\LTleft=\skip63
\LTright=\skip64
\LTleft=\skip65
\LTright=\skip66
\flrow@types=\toks23
)
(c:/texlive/2016/texmf-dist/tex/latex/amsmath/amsmath.sty
Package: amsmath 2016/06/28 v2.15d AMS math features
\@mathmargin=\skip67

For additional information on amsmath, use the `?' option.
(c:/texlive/2016/texmf-dist/tex/latex/amsmath/amstext.sty
Package: amstext 2000/06/29 v2.01 AMS text

(c:/texlive/2016/texmf-dist/tex/latex/amsmath/amsgen.sty
File: amsgen.sty 1999/11/30 v2.0 generic functions
\@emptytoks=\toks24
\ex@=\dimen120
))
(c:/texlive/2016/texmf-dist/tex/latex/amsmath/amsbsy.sty
Package: amsbsy 1999/11/29 v1.2d Bold Symbols
\pmbraise@=\dimen121
)
(c:/texlive/2016/texmf-dist/tex/latex/amsmath/amsopn.sty
Package: amsopn 2016/03/08 v2.02 operator names
)
\inf@bad=\count107
LaTeX Info: Redefining \frac on input line 199.
\uproot@=\count108
\leftroot@=\count109
LaTeX Info: Redefining \overline on input line 297.
\classnum@=\count110
\DOTSCASE@=\count111
LaTeX Info: Redefining \ldots on input line 394.
LaTeX Info: Redefining \dots on input line 397.
LaTeX Info: Redefining \cdots on input line 518.
\Mathstrutbox@=\box30
\strutbox@=\box31
\big@size=\dimen122
LaTeX Font Info:    Redeclaring font encoding OML on input line 634.
LaTeX Font Info:    Redeclaring font encoding OMS on input line 635.
\macc@depth=\count112
\c@MaxMatrixCols=\count113
\dotsspace@=\muskip10
\c@parentequation=\count114
\dspbrk@lvl=\count115
\tag@help=\toks25
\row@=\count116
\column@=\count117
\maxfields@=\count118
\andhelp@=\toks26
\eqnshift@=\dimen123
\alignsep@=\dimen124
\tagshift@=\dimen125
\tagwidth@=\dimen126
\totwidth@=\dimen127
\lineht@=\dimen128
\@envbody=\toks27
\multlinegap=\skip68
\multlinetaggap=\skip69
\mathdisplay@stack=\toks28
LaTeX Info: Redefining \[ on input line 2739.
LaTeX Info: Redefining \] on input line 2740.
)
(c:/texlive/2016/texmf-dist/tex/latex/amsfonts/amssymb.sty
Package: amssymb 2013/01/14 v3.01 AMS font symbols

(c:/texlive/2016/texmf-dist/tex/latex/amsfonts/amsfonts.sty
Package: amsfonts 2013/01/14 v3.01 Basic AMSFonts support
\symAMSa=\mathgroup4
\symAMSb=\mathgroup5
LaTeX Font Info:    Overwriting math alphabet `\mathfrak' in version `bold'
(Font)                  U/euf/m/n --> U/euf/b/n on input line 106.
))
(c:/texlive/2016/texmf-dist/tex/latex/mathtools/mhsetup.sty
Package: mhsetup 2010/01/21 v1.2a programming setup (MH)
)
(c:/texlive/2016/texmf-dist/tex/latex/mathtools/mathtools.sty
Package: mathtools 2015/11/12 v1.18 mathematical typesetting tools

(c:/texlive/2016/texmf-dist/tex/latex/tools/calc.sty
Package: calc 2014/10/28 v4.3 Infix arithmetic (KKT,FJ)
\calc@Acount=\count119
\calc@Bcount=\count120
\calc@Adimen=\dimen129
\calc@Bdimen=\dimen130
\calc@Askip=\skip70
\calc@Bskip=\skip71
LaTeX Info: Redefining \setlength on input line 80.
LaTeX Info: Redefining \addtolength on input line 81.
\calc@Ccount=\count121
\calc@Cskip=\skip72
)
LaTeX Info: Thecontrolsequence`\('isalreadyrobust on input line 129.
LaTeX Info: Thecontrolsequence`\)'isalreadyrobust on input line 129.
LaTeX Info: Thecontrolsequence`\['isalreadyrobust on input line 129.
LaTeX Info: Thecontrolsequence`\]'isalreadyrobust on input line 129.
\g_MT_multlinerow_int=\count122
\l_MT_multwidth_dim=\dimen131
\origjot=\skip73
\l_MT_shortvdotswithinadjustabove_dim=\dimen132
\l_MT_shortvdotswithinadjustbelow_dim=\dimen133
\l_MT_above_intertext_sep=\dimen134
\l_MT_below_intertext_sep=\dimen135
\l_MT_above_shortintertext_sep=\dimen136
\l_MT_below_shortintertext_sep=\dimen137
)
(c:/texlive/2016/texmf-dist/tex/latex/siunitx/siunitx.sty
(c:/texlive/2016/texmf-dist/tex/latex/l3kernel/expl3.sty
Package: expl3 2016/05/18 v6512 L3 programming layer (loader) 

(c:/texlive/2016/texmf-dist/tex/latex/l3kernel/expl3-code.tex
Package: expl3 2016/05/18 v6512 L3 programming layer (code)
L3 Module: l3bootstrap 2016/02/12 v6412 L3 Bootstrap code
\ucharcat@table=\catcodetable5
L3 Module: l3names 2016/03/11 v6433 L3 Namespace for primitives
L3 Module: l3basics 2015/11/22 v6315 L3 Basic definitions
L3 Module: l3expan 2015/09/10 v5983 L3 Argument expansion
L3 Module: l3tl 2016/03/26 v6465 L3 Token lists
L3 Module: l3str 2016/03/24 v6441 L3 Strings
L3 Module: l3seq 2015/08/05 v5777 L3 Sequences and stacks
L3 Module: l3int 2016/03/24 v6441 L3 Integers
\c_max_int=\count123
\l_tmpa_int=\count124
\l_tmpb_int=\count125
\g_tmpa_int=\count126
\g_tmpb_int=\count127
L3 Module: l3quark 2015/08/17 v5855 L3 Quarks
L3 Module: l3prg 2015/11/01 v6216 L3 Control structures
\g__prg_map_int=\count128
L3 Module: l3clist 2015/09/02 v5901 L3 Comma separated lists
L3 Module: l3token 2016/04/03 v6470 L3 Experimental token manipulation
L3 Module: l3prop 2016/01/05 v6366 L3 Property lists
L3 Module: l3msg 2016/03/26 v6464 L3 Messages
L3 Module: l3file 2016/03/25 v6458 L3 File and I/O operations
\l_iow_line_count_int=\count129
\l__iow_target_count_int=\count130
\l__iow_current_line_int=\count131
\l__iow_current_word_int=\count132
\l__iow_current_indentation_int=\count133
L3 Module: l3skip 2016/01/05 v6366 L3 Dimensions and skips
\c_zero_dim=\dimen138
\c_max_dim=\dimen139
\l_tmpa_dim=\dimen140
\l_tmpb_dim=\dimen141
\g_tmpa_dim=\dimen142
\g_tmpb_dim=\dimen143
\c_zero_skip=\skip74
\c_max_skip=\skip75
\l_tmpa_skip=\skip76
\l_tmpb_skip=\skip77
\g_tmpa_skip=\skip78
\g_tmpb_skip=\skip79
\c_zero_muskip=\muskip11
\c_max_muskip=\muskip12
\l_tmpa_muskip=\muskip13
\l_tmpb_muskip=\muskip14
\g_tmpa_muskip=\muskip15
\g_tmpb_muskip=\muskip16
L3 Module: l3keys 2015/11/17 v6284 L3 Key-value interfaces
\g__keyval_level_int=\count134
\l_keys_choice_int=\count135
L3 Module: l3fp 2016/03/26 v6465 L3 Floating points
\c__fp_leading_shift_int=\count136
\c__fp_middle_shift_int=\count137
\c__fp_trailing_shift_int=\count138
\c__fp_big_leading_shift_int=\count139
\c__fp_big_middle_shift_int=\count140
\c__fp_big_trailing_shift_int=\count141
\c__fp_Bigg_leading_shift_int=\count142
\c__fp_Bigg_middle_shift_int=\count143
\c__fp_Bigg_trailing_shift_int=\count144
L3 Module: l3box 2015/08/09 v5822 L3 Experimental boxes
\c_empty_box=\box32
\l_tmpa_box=\box33
\l_tmpb_box=\box34
\g_tmpa_box=\box35
\g_tmpb_box=\box36
L3 Module: l3coffins 2016/05/17 v6508 L3 Coffin code layer
\l__coffin_internal_box=\box37
\l__coffin_internal_dim=\dimen144
\l__coffin_offset_x_dim=\dimen145
\l__coffin_offset_y_dim=\dimen146
\l__coffin_x_dim=\dimen147
\l__coffin_y_dim=\dimen148
\l__coffin_x_prime_dim=\dimen149
\l__coffin_y_prime_dim=\dimen150
\c_empty_coffin=\box38
\l__coffin_aligned_coffin=\box39
\l__coffin_aligned_internal_coffin=\box40
\l_tmpa_coffin=\box41
\l_tmpb_coffin=\box42
\l__coffin_display_coffin=\box43
\l__coffin_display_coord_coffin=\box44
\l__coffin_display_pole_coffin=\box45
\l__coffin_display_offset_dim=\dimen151
\l__coffin_display_x_dim=\dimen152
\l__coffin_display_y_dim=\dimen153
L3 Module: l3color 2014/08/23 v5354 L3 Experimental color support
L3 Module: l3sys 2015/09/25 v6087 L3 Experimental system/runtime functions
L3 Module: l3candidates 2016/05/13 v6484 L3 Experimental additions to l3kernel
\l__box_top_dim=\dimen154
\l__box_bottom_dim=\dimen155
\l__box_left_dim=\dimen156
\l__box_right_dim=\dimen157
\l__box_top_new_dim=\dimen158
\l__box_bottom_new_dim=\dimen159
\l__box_left_new_dim=\dimen160
\l__box_right_new_dim=\dimen161
\l__box_internal_box=\box46
\l__coffin_bounding_shift_dim=\dimen162
\l__coffin_left_corner_dim=\dimen163
\l__coffin_right_corner_dim=\dimen164
\l__coffin_bottom_corner_dim=\dimen165
\l__coffin_top_corner_dim=\dimen166
\l__coffin_scaled_total_height_dim=\dimen167
\l__coffin_scaled_width_dim=\dimen168
L3 Module: l3luatex 2016/03/26 v6465 L3 Experimental LuaTeX-specific functions
)
(c:/texlive/2016/texmf-dist/tex/latex/l3kernel/l3pdfmode.def
File: l3pdfmode.def 2016/03/26 v6465 L3 Experimental driver: PDF mode
\l__driver_color_stack_int=\count145
\l__driver_tmp_box=\box47
))
(c:/texlive/2016/texmf-dist/tex/latex/l3packages/xparse/xparse.sty
Package: xparse 2016/05/18 v6512 L3 Experimental document command parser
\l__xparse_current_arg_int=\count146
\l__xparse_m_args_int=\count147
\l__xparse_mandatory_args_int=\count148
\l__xparse_processor_int=\count149
\l__xparse_v_nesting_int=\count150
)
Package: siunitx 2016/03/01 v2.6q A comprehensive (SI) units package

(c:/texlive/2016/texmf-dist/tex/latex/l3packages/l3keys2e/l3keys2e.sty
Package: l3keys2e 2016/05/18 v6512 LaTeX2e option processing using LaTeX3 keys
)
\l__siunitx_tmp_box=\box48
\l__siunitx_tmp_dim=\dimen169
\l__siunitx_tmp_int=\count151
\l__siunitx_number_mantissa_length_int=\count152
\l__siunitx_number_uncert_length_int=\count153
\l__siunitx_round_int=\count154
\l__siunitx_process_decimal_int=\count155
\l__siunitx_process_uncertainty_int=\count156
\l__siunitx_process_fixed_int=\count157
\l__siunitx_process_integer_min_int=\count158
\l__siunitx_process_precision_int=\count159
\l__siunitx_group_min_int=\count160
\l__siunitx_angle_marker_box=\box49
\l__siunitx_angle_unit_box=\box50
\l__siunitx_angle_marker_dim=\dimen170
\l__siunitx_angle_unit_dim=\dimen171
\l__siunitx_unit_int=\count161
\l__siunitx_unit_denominator_int=\count162
\l__siunitx_unit_numerator_int=\count163
\l__siunitx_unit_prefix_int=\count164
\l__siunitx_unit_prefix_base_int=\count165
\l__siunitx_unit_prefix_gram_int=\count166
\l__siunitx_number_product_int=\count167
\c__siunitx_one_fill_skip=\skip80
\l__siunitx_table_unit_align_skip=\skip81
\l__siunitx_table_exponent_dim=\dimen172
\l__siunitx_table_integer_dim=\dimen173
\l__siunitx_table_mantissa_dim=\dimen174
\l__siunitx_table_marker_dim=\dimen175
\l__siunitx_table_result_dim=\dimen176
\l__siunitx_table_uncert_dim=\dimen177
\l__siunitx_table_fill_pre_dim=\dimen178
\l__siunitx_table_fill_post_dim=\dimen179
\l__siunitx_table_fill_mid_dim=\dimen180
\l__siunitx_table_pre_box=\box51
\l__siunitx_table_post_box=\box52
\l__siunitx_table_mantissa_box=\box53
\l__siunitx_table_result_box=\box54
\l__siunitx_table_number_align_skip=\skip82
\l__siunitx_table_text_align_skip=\skip83
.................................................
. LaTeX info: "xparse/define-command"
. 
. Defining command \DeclareBinaryPrefix with sig. 'mmm' on line 7218.
.................................................
.................................................
. LaTeX info: "xparse/define-command"
. 
. Defining command \DeclareSIPostPower with sig. 'mm' on line 7221.
.................................................
.................................................
. LaTeX info: "xparse/define-command"
. 
. Defining command \DeclareSIPrefix with sig. 'mmm' on line 7224.
.................................................
.................................................
. LaTeX info: "xparse/define-command"
. 
. Defining command \DeclareSIPrePower with sig. 'mm' on line 7227.
.................................................
.................................................
. LaTeX info: "xparse/define-command"
. 
. Defining command \DeclareSIQualifier with sig. 'mm' on line 7230.
.................................................
.................................................
. LaTeX info: "xparse/define-command"
. 
. Defining command \DeclareSIUnit with sig. 'O{}mm' on line 7233.
.................................................
.................................................
. LaTeX info: "xparse/define-command"
. 
. Defining command \DeclareSIUnitWithOptions with sig. 'mmm' on line 7236.
.................................................
.................................................
. LaTeX info: "xparse/define-command"
. 
. Defining command \ang with sig. 'o>{\SplitArgument {2}{;}}m' on line 7251.
.................................................
.................................................
. LaTeX info: "xparse/define-command"
. 
. Defining command \num with sig. 'om' on line 7260.
.................................................
.................................................
. LaTeX info: "xparse/define-command"
. 
. Defining command \numlist with sig. 'o>{\SplitList {;}}m' on line 7269.
.................................................
.................................................
. LaTeX info: "xparse/define-command"
. 
. Defining command \numrange with sig. 'omm' on line 7278.
.................................................
.................................................
. LaTeX info: "xparse/define-command"
. 
. Defining command \SIlist with sig. 'o>{\SplitList {;}}mm' on line 7290.
.................................................
.................................................
. LaTeX info: "xparse/define-command"
. 
. Defining command \SIrange with sig. 'ommm' on line 7302.
.................................................
.................................................
. LaTeX info: "xparse/define-command"
. 
. Defining command \SI with sig. 'omom' on line 7314.
.................................................
.................................................
. LaTeX info: "xparse/define-command"
. 
. Defining command \sisetup with sig. 'm' on line 7317.
.................................................
.................................................
. LaTeX info: "xparse/define-command"
. 
. Defining command \tablenum with sig. 'om' on line 7332.
.................................................
.................................................
. LaTeX info: "xparse/define-command"
. 
. Defining command \si with sig. 'om' on line 7344.
.................................................
.................................................
. LaTeX info: "xparse/define-command"
. 
. Defining command \__siunitx_bookmark_num:w with sig. 'om' on line 7391.
.................................................
.................................................
. LaTeX info: "xparse/define-command"
. 
. Defining command \__siunitx_bookmark_numrange:w with sig. 'omm' on line
. 7393.
.................................................
.................................................
. LaTeX info: "xparse/define-command"
. 
. Defining command \__siunitx_bookmark_SI:w with sig. 'omom' on line 7395.
.................................................
.................................................
. LaTeX info: "xparse/define-command"
. 
. Defining command \__siunitx_bookmark_SIlist:w with sig. 'omm' on line 7397.
.................................................
.................................................
. LaTeX info: "xparse/define-command"
. 
. Defining command \__siunitx_bookmark_SIrange:w with sig. 'ommm' on line
. 7399.
.................................................
.................................................
. LaTeX info: "xparse/define-command"
. 
. Defining command \__siunitx_bookmark_si:w with sig. 'om' on line 7400.
.................................................
\g__file_internal_ior=\read1

(c:/texlive/2016/texmf-dist/tex/latex/beamer/translator/translator.sty
Package: translator 2010/06/12 ver 1.10

(c:/texlive/2016/texmf-dist/tex/latex/beamer/translator/translator-language-map
pings.tex))) (c:/texlive/2016/texmf-dist/tex/latex/mdwtools/footnote.sty
Package: footnote 1997/01/28 1.13 Save footnotes around boxes
\fn@notes=\box55
\fn@width=\dimen181
)
(c:/texlive/2016/texmf-dist/tex/latex/appendix/appendix.sty
Package: appendix 2009/09/02 v1.2b extra appendix facilities
\c@@pps=\count168
\c@@ppsavesec=\count169
\c@@ppsaveapp=\count170
)
(c:/texlive/2016/texmf-dist/tex/latex/base/makeidx.sty
Package: makeidx 2014/09/29 v1.0m Standard LaTeX package
)
(c:/texlive/2016/texmf-dist/tex/latex/xkeyval/xkeyval.sty
Package: xkeyval 2014/12/03 v2.7a package option processing (HA)

(c:/texlive/2016/texmf-dist/tex/generic/xkeyval/xkeyval.tex
(c:/texlive/2016/texmf-dist/tex/generic/xkeyval/xkvutils.tex
\XKV@toks=\toks29
\XKV@tempa@toks=\toks30
)
\XKV@depth=\count171
File: xkeyval.tex 2014/12/03 v2.7a key=value parser (HA)
))
(c:/texlive/2016/texmf-dist/tex/latex/xfor/xfor.sty
Package: xfor 2009/02/05 v1.05 (NLCT)
)
(c:/texlive/2016/texmf-dist/tex/latex/etoolbox/etoolbox.sty
Package: etoolbox 2015/08/02 v2.2a e-TeX tools for LaTeX (JAW)
\etb@tempcnta=\count172
)
(c:/texlive/2016/texmf-dist/tex/latex/tools/longtable.sty
Package: longtable 2014/10/28 v4.11 Multi-page Table package (DPC)
\LTleft=\skip84
\LTright=\skip85
\LTpre=\skip86
\LTpost=\skip87
\LTchunksize=\count173
\LTcapwidth=\dimen182
\LT@head=\box56
\LT@firsthead=\box57
\LT@foot=\box58
\LT@lastfoot=\box59
\LT@cols=\count174
\LT@rows=\count175
\c@LT@tables=\count176
\c@LT@chunks=\count177
\LT@p@ftn=\toks31
)
(c:/texlive/2016/texmf-dist/tex/latex/supertabular/supertabular.sty
Package: supertabular 2004/02/20 v4.1e the supertabular environment
\c@tracingst=\count178
\ST@wd=\dimen183
\ST@rightskip=\skip88
\ST@leftskip=\skip89
\ST@parfillskip=\skip90
\ST@pageleft=\dimen184
\ST@headht=\dimen185
\ST@tailht=\dimen186
\ST@pagesofar=\dimen187
\ST@pboxht=\dimen188
\ST@lineht=\dimen189
\ST@stretchht=\dimen190
\ST@prevht=\dimen191
\ST@toadd=\dimen192
\ST@dimen=\dimen193
\ST@pbox=\box60
)
(c:/texlive/2016/texmf-dist/tex/latex/glossaries/base/glossaries.sty
Package: glossaries 2016/06/09 v4.25 (NLCT)

(c:/texlive/2016/texmf-dist/tex/latex/mfirstuc/mfirstuc.sty
Package: mfirstuc 2016/07/31 v2.04 (NLCT)
\@glsmfirst=\toks32
\@glsmrest=\toks33
)
(c:/texlive/2016/texmf-dist/tex/latex/textcase/textcase.sty
Package: textcase 2004/10/07 v0.07 Text only upper/lower case changing (DPC)
)
(c:/texlive/2016/texmf-dist/tex/latex/datatool/datatool-base.sty
Package: datatool-base 2016/07/28 v2.27 (NLCT)

(c:/texlive/2016/texmf-dist/tex/latex/substr/substr.sty
Package: substr 2009/10/20 v1.2 Handle substrings
\c@su@anzahl=\count179
)
(c:/texlive/2016/texmf-dist/tex/latex/datatool/datatool-fp.sty
Package: datatool-fp 2016/07/28 v2.27 (NLCT)

(c:/texlive/2016/texmf-dist/tex/latex/fp/fp.sty
Package: fp 1995/04/02

`Fixed Point Package', Version 0.8, April 2, 1995 (C) Michael Mehlich
(c:/texlive/2016/texmf-dist/tex/latex/fp/defpattern.sty
Package: defpattern 1994/10/12
\actioncount=\count180
)
(c:/texlive/2016/texmf-dist/tex/latex/fp/fp-basic.sty
Package: fp-basic 1996/05/13
\FP@xs=\count181
\FP@xia=\count182
\FP@xib=\count183
\FP@xfa=\count184
\FP@xfb=\count185
\FP@rega=\count186
\FP@regb=\count187
\FP@regs=\count188
\FP@times=\count189
)
(c:/texlive/2016/texmf-dist/tex/latex/fp/fp-addons.sty
Package: fp-addons 1995/03/15
)
(c:/texlive/2016/texmf-dist/tex/latex/fp/fp-snap.sty
Package: fp-snap 1995/04/05
)
(c:/texlive/2016/texmf-dist/tex/latex/fp/fp-exp.sty
Package: fp-exp 1995/04/03
)
(c:/texlive/2016/texmf-dist/tex/latex/fp/fp-trigo.sty
Package: fp-trigo 1995/04/14
)
(c:/texlive/2016/texmf-dist/tex/latex/fp/fp-pas.sty
Package: fp-pas 1994/08/29
)
(c:/texlive/2016/texmf-dist/tex/latex/fp/fp-random.sty
Package: fp-random 1995/02/23
\FPseed=\count190
)
(c:/texlive/2016/texmf-dist/tex/latex/fp/fp-eqn.sty
Package: fp-eqn 1995/04/03
)
(c:/texlive/2016/texmf-dist/tex/latex/fp/fp-upn.sty
Package: fp-upn 1996/10/21
)
(c:/texlive/2016/texmf-dist/tex/latex/fp/fp-eval.sty
Package: fp-eval 1995/04/03
)))
\@dtl@toks=\toks34
\@dtl@tmpcount=\count191
\dtl@tmplength=\skip91
\dtl@sortresult=\count192
\@dtl@numgrpsepcount=\count193
\@dtl@datatype=\count194
\dtl@codeA=\count195
\dtl@codeB=\count196
\@dtl@foreach@level=\count197
)
(c:/texlive/2016/texmf-dist/tex/latex/glossaries/base/glossaries-compatible-307
.sty
Package: glossaries-compatible-307 2016/06/09 v4.25 (NLCT)
) (c:/texlive/2016/texmf-dist/tex/latex/tracklang/tracklang.sty
Package: tracklang 2015/03/23 v1.2 (NLCT) Track Languages

(c:/texlive/2016/texmf-dist/tex/generic/tracklang/tracklang.tex))
(c:/texlive/2016/texmf-dist/tex/latex/glossaries-english/glossaries-english.ldf
File: glossaries-english.ldf 2014/11/23 v1.0
)
\gls@level=\count198
\@gls@tmpb=\toks35
\gls@tmplen=\skip92
\glskeylisttok=\toks36
\glslabeltok=\toks37
\glsshorttok=\toks38
\glslongtok=\toks39
 (c:/texlive/2016/texmf-dist/tex/latex/glossaries/styles/glossary-hypernav.sty
Package: glossary-hypernav 2016/06/09 v4.25 (NLCT)
) (c:/texlive/2016/texmf-dist/tex/latex/glossaries/styles/glossary-list.sty
Package: glossary-list 2016/06/09 v4.25 (NLCT)
\glslistdottedwidth=\skip93
)
(c:/texlive/2016/texmf-dist/tex/latex/glossaries/styles/glossary-long.sty
Package: glossary-long 2016/06/09 v4.25 (NLCT)
\glsdescwidth=\skip94
\glspagelistwidth=\skip95
)
(c:/texlive/2016/texmf-dist/tex/latex/glossaries/styles/glossary-super.sty
Package: glossary-super 2016/06/09 v4.25 (NLCT)
)
(c:/texlive/2016/texmf-dist/tex/latex/glossaries/styles/glossary-tree.sty
Package: glossary-tree 2016/06/09 v4.25 (NLCT)
\glstreeindent=\skip96
))
(c:/texlive/2016/texmf-dist/tex/latex/tocbibind/tocbibind.sty
Package: tocbibind 2010/10/13 v1.5k extra ToC listings
Package tocbibind Info: The document has chapter divisions on input line 50.


Package tocbibind Note: Using chapter style headings, unless overridden.

) (c:/texlive/2016/texmf-dist/tex/latex/listings/listings.sty
\lst@mode=\count266
\lst@gtempboxa=\box61
\lst@token=\toks40
\lst@length=\count267
\lst@currlwidth=\dimen194
\lst@column=\count268
\lst@pos=\count269
\lst@lostspace=\dimen195
\lst@width=\dimen196
\lst@newlines=\count270
\lst@lineno=\count271
\lst@maxwidth=\dimen197

(c:/texlive/2016/texmf-dist/tex/latex/listings/lstmisc.sty
File: lstmisc.sty 2015/06/04 1.6 (Carsten Heinz)
\c@lstnumber=\count272
\lst@skipnumbers=\count273
\lst@framebox=\box62
)
(c:/texlive/2016/texmf-dist/tex/latex/listings/listings.cfg
File: listings.cfg 2015/06/04 1.6 listings configuration
))
Package: listings 2015/06/04 1.6 (Carsten Heinz)

(c:/texlive/2016/texmf-dist/tex/latex/cleveref/cleveref.sty
Package: cleveref 2013/12/28 v0.19 Intelligent cross-referencing
Package cleveref Info: `listings' support loaded on input line 2950.
Package cleveref Info: `subfig' support loaded on input line 2983.
)
\c@acknowledgement=\count274
\c@algorithm=\count275
\c@axiom=\count276
\c@case=\count277
\c@claim=\count278
\c@conclusion=\count279
\c@condition=\count280
\c@conjecture=\count281
\c@corollary=\count282
\c@criterion=\count283
\c@definition=\count284
\c@example=\count285
\c@exercise=\count286
\c@lemma=\count287
\c@notation=\count288
\c@problem=\count289
\c@proposition=\count290
\c@remark=\count291
\c@solution=\count292
\c@summary=\count293
\c@theorem=\count294
 (./Terminology.tex) (./Symbols.tex)
\glswrite=\write3
\glo@terminology@file=\write4

\openout4 = main.tut
Package glossaries Info: Writing glossary file main.tut on input line 192.
\glo@symbols@file=\write5

\openout5 = main.sbl
Package glossaries Info: Writing glossary file main.sbl on input line 192.
) (./main.aux (./frontmatter.aux) (./a-mechanical-problem.aux) (./finite-elemen
t-approach.aux) (./error-estimates.aux) (./results.aux)
(./conclusions.aux) (./Backmatter.aux))
\openout1 = main.aux

LaTeX Font Info:    Checking defaults for OML/cmm/m/it on input line 14.
LaTeX Font Info:    ... okay on input line 14.
LaTeX Font Info:    Checking defaults for T1/cmr/m/n on input line 14.
LaTeX Font Info:    ... okay on input line 14.
LaTeX Font Info:    Checking defaults for OT1/cmr/m/n on input line 14.
LaTeX Font Info:    ... okay on input line 14.
LaTeX Font Info:    Checking defaults for OMS/cmsy/m/n on input line 14.
LaTeX Font Info:    ... okay on input line 14.
LaTeX Font Info:    Checking defaults for OMX/cmex/m/n on input line 14.
LaTeX Font Info:    ... okay on input line 14.
LaTeX Font Info:    Checking defaults for U/cmr/m/n on input line 14.
LaTeX Font Info:    ... okay on input line 14.

(c:/texlive/2016/texmf-dist/tex/context/base/mkii/supp-pdf.mkii
[Loading MPS to PDF converter (version 2006.09.02).]
\scratchcounter=\count295
\scratchdimen=\dimen198
\scratchbox=\box63
\nofMPsegments=\count296
\nofMParguments=\count297
\everyMPshowfont=\toks41
\MPscratchCnt=\count298
\MPscratchDim=\dimen256
\MPnumerator=\count299
\makeMPintoPDFobject=\count300
\everyMPtoPDFconversion=\toks42
)
\AtBeginShipoutBox=\box64
 ABD: EveryShipout initializing macros
Package caption Info: Begin \AtBeginDocument code.
Package caption Info: subfig package v1.3 is loaded.
Package caption Info: floatrow package is loaded.
Package caption Info: float package is loaded.
Package caption Info: floatrow package is loaded.
Package caption Info: listings package is loaded.
Package caption Info: longtable package is loaded.

(c:/texlive/2016/texmf-dist/tex/latex/caption/ltcaption.sty
Package: ltcaption 2013/06/09 v1.4-94 longtable captions (AR)
)
Package caption Info: rotating package is loaded.
Package caption Info: supertabular package is loaded.
Package caption Info: End \AtBeginDocument code.

(c:/texlive/2016/texmf-dist/tex/latex/floatrow/fr-subfig.sty
Package: fr-subfig 2007/12/24 v0.1g (beta) floatrow: additions for subfig
\FBsc@max=\skip97
\FBso@max=\skip98
)
(c:/texlive/2016/texmf-dist/tex/latex/floatrow/fr-longtable.sty
Package: fr-longtable 2007/11/28 v0.1b (beta) floatrow: additions for longtable
\flrow@LT@lasthead=\box65
\flrow@LT@prelastfoot=\box66
\c@FBLTpage=\count301
)
(c:/texlive/2016/texmf-dist/tex/latex/beamer/translator/dicts/translator-basic-
dictionary/translator-basic-dictionary-English.dict
Dictionary: translator-basic-dictionary, Language: English 
)
(c:/texlive/2016/texmf-dist/tex/latex/siunitx/siunitx-abbreviations.cfg
File: siunitx-abbreviations.cfg 2016/03/01 v2.6q siunitx: Abbreviated units
)
\c@lstlisting=\count302
\c__siunitx_mathsf_int=\count303
LaTeX Font Info:    Try loading font information for U+msa on input line 14.

(c:/texlive/2016/texmf-dist/tex/latex/amsfonts/umsa.fd
File: umsa.fd 2013/01/14 v3.01 AMS symbols A
)
LaTeX Font Info:    Try loading font information for U+msb on input line 14.

(c:/texlive/2016/texmf-dist/tex/latex/amsfonts/umsb.fd
File: umsb.fd 2013/01/14 v3.01 AMS symbols B
)
\c__siunitx_mathtt_int=\count304

\openout2 = frontmatter.aux
 (./frontmatter.tex
[1



\openout3 = main.xdy


{c:/texlive/2016/texmf-var/fonts/map/pdftex/updmap/pdftex.map}]
(./abstract.tex
Underfull \hbox (badness 10000) in paragraph at lines 3--6

 []


Underfull \hbox (badness 10000) in paragraph at lines 7--9

 []

[1]) (./main.toc [1

])
\tf@toc=\write6

\openout6 = main.toc
 [2] (./main.lof)
\tf@lof=\write7

\openout7 = main.lof
 [3

] (./main.sym
Overfull \hbox (116.43448pt too wide) in paragraph at lines 25--94
[] 
 []

[4

]
Overfull \hbox (78.8727pt too wide) in paragraph at lines 94--203
[] 
 []

[5]
Overfull \hbox (85.17029pt too wide) in paragraph at lines 203--290
[] 
 []

[6]))
Overfull \hbox (17.15225pt too wide) in paragraph at lines 290--17
[] 
 []

[7]
\openout2 = a-mechanical-problem.aux
 (./a-mechanical-problem.tex
Chapter 1.
(./introduction.tex
Underfull \hbox (badness 10000) in paragraph at lines 2--5

 []


Underfull \hbox (badness 10000) in paragraph at lines 6--12

 []


Underfull \hbox (badness 10000) in paragraph at lines 13--17

 []


Underfull \hbox (badness 10000) in paragraph at lines 18--22

 []

[1



]
Underfull \hbox (badness 10000) in paragraph at lines 23--27

 []


Underfull \hbox (badness 10000) in paragraph at lines 28--30

 []


Underfull \hbox (badness 10000) in paragraph at lines 31--36

 []

) (./problem-description.tex
<../figures/problem-description.pdf, id=57, 419.73512pt x 165.45111pt>
File: ../figures/problem-description.pdf Graphic file (type pdf)

<use ../figures/problem-description.pdf>
Package luatex.def Info: ../figures/problem-description.pdf used on input line 9
.
(luatex.def)             Requested size: 345.0pt x 135.99644pt.
) (./governing-equations.tex [2]
[3<../figures/problem-description.pdf>]) (./normalization.tex [4] [5]
<../figures/problem-normalized.pdf, id=170, 419.73512pt x 165.45111pt>
File: ../figures/problem-normalized.pdf Graphic file (type pdf)

<use ../figures/problem-normalized.pdf>
Package luatex.def Info: ../figures/problem-normalized.pdf used on input line 61
.
(luatex.def)             Requested size: 345.0pt x 135.99644pt.
) (./analytical-solution.tex
Underfull \hbox (badness 10000) in paragraph at lines 2--4

 []

[6<../figures/problem-normalized.pdf>]) (./summary-analytical.tex [7] [8]
[9] [10])) [11]
\openout2 = finite-element-approach.aux
 (./finite-element-approach.tex
Chapter 2.
(./weak-formulation.tex [12



]
Underfull \hbox (badness 10000) in paragraph at lines 41--44

 []

LaTeX Font Info:    Try loading font information for OMS+cmr on input line 51.
(c:/texlive/2016/texmf-dist/tex/latex/base/omscmr.fd
File: omscmr.fd 2014/09/29 v2.5h Standard LaTeX font definitions
)
LaTeX Font Info:    Font shape `OMS/cmr/m/n' in size <10> not available
(Font)              Font shape `OMS/cmsy/m/n' tried instead on input line 51.
 [13]) (./meshing.tex
<../Figures/Meshing.pdf, id=297, 1446.20305pt x 238.11359pt>
File: ../Figures/Meshing.pdf Graphic file (type pdf)

<use ../Figures/Meshing.pdf>
Package luatex.def Info: ../Figures/Meshing.pdf used on input line 44.
(luatex.def)             Requested size: 345.0pt x 56.80325pt.

Underfull \hbox (badness 10000) in paragraph at lines 51--59

 []

[14] [15<../Figures/Meshing.pdf>]) (./a-linear-system.tex
Underfull \hbox (badness 10000) in paragraph at lines 41--51

 []

[16]) (./a-unique-solution.tex
Underfull \hbox (badness 10000) in paragraph at lines 23--26

 []

[17] [18]) (./linear-basis-functions.tex [19]
<../figures/linear-shape-functions.pdf, id=356, 1240.15321pt x 746.58923pt>
File: ../figures/linear-shape-functions.pdf Graphic file (type pdf)

<use ../figures/linear-shape-functions.pdf>
Package luatex.def Info: ../figures/linear-shape-functions.pdf used on input lin
e 31.
(luatex.def)             Requested size: 345.0pt x 207.6879pt.

<../Figures/linear-basis-functions.pdf, id=357, 1235.57607pt x 760.8425pt>
File: ../Figures/linear-basis-functions.pdf Graphic file (type pdf)

<use ../Figures/linear-basis-functions.pdf>
Package luatex.def Info: ../Figures/linear-basis-functions.pdf used on input lin
e 36.
(luatex.def)             Requested size: 345.0pt x 212.44235pt.
 [20<../figures/linear-shape-functions.pdf>] [21<../Figures/linear-basis-functio
ns.pdf>] [22] [23]
Underfull \hbox (badness 10000) in paragraph at lines 209--212

 []

(./assembly-linear.tex [24])) (./cubic-basis-functions.tex [25]
Underfull \hbox (badness 10000) in paragraph at lines 12--14

 []


Underfull \hbox (badness 10000) in paragraph at lines 15--18

 []


Underfull \hbox (badness 10000) in paragraph at lines 28--33

 []

[26]
Underfull \hbox (badness 10000) in paragraph at lines 50--59

 []

<../figures/cubic-shape-functions.pdf, id=467, 1249.18697pt x 752.8125pt>
File: ../figures/cubic-shape-functions.pdf Graphic file (type pdf)

<use ../figures/cubic-shape-functions.pdf>
Package luatex.def Info: ../figures/cubic-shape-functions.pdf used on input line
 76.
(luatex.def)             Requested size: 345.0pt x 207.9143pt.

<../figures/cubic-basis-functions.pdf, id=468, 1238.6275pt x 741.77126pt>
File: ../figures/cubic-basis-functions.pdf Graphic file (type pdf)

<use ../figures/cubic-basis-functions.pdf>
Package luatex.def Info: ../figures/cubic-basis-functions.pdf used on input line
 82.
(luatex.def)             Requested size: 345.0pt x 206.60796pt.
 [27] [28<../figures/cubic-shape-functions.pdf><../figures/cubic-basis-functions
.pdf>] (./assembly-cubic.tex
[29] [30] [31] [32]) [33]) (./buildup-fem-solution.tex [34])) [35]
\openout2 = error-estimates.aux

(./error-estimates.tex
Chapter 3.
(./useful-spaces.tex [36



]) (./canonical-problem.tex [37] [38])
(./finite-element-error-estimates.tex [39] [40] [41] [42] [43] [44])
(./concluding-remarks.tex)) [45]
\openout2 = results.aux
 (./results.tex
Chapter 4.
(./stiffness-matrix.tex
<../figures/a-typical-element.pdf, id=613, 419.73512pt x 165.45111pt>
File: ../figures/a-typical-element.pdf Graphic file (type pdf)

<use ../figures/a-typical-element.pdf>
Package luatex.def Info: ../figures/a-typical-element.pdf used on input line 3.
(luatex.def)             Requested size: 345.0pt x 135.99644pt.
 [46



<../figures/a-typical-element.pdf>]
Underfull \hbox (badness 10000) in paragraph at lines 41--44

 []

[47]
Underfull \hbox (badness 10000) in paragraph at lines 104--108

 []

[48]
Overfull \hbox (5.13672pt too wide) in paragraph at lines 136--138
\T1/cmr/m/n/10 Next con-sider the strain en-ergy stored in the bar and ap-ply E
qs. (4.12a) and (4.13) 
 []


Overfull \hbox (7.96011pt too wide) in paragraph at lines 183--187
\T1/cmr/m/n/10 which is the same re-sult as Eq. (4.8), di-rect method. Fi-nally
, com-bin-ing Eqs. (4.14)
 []

[49]) (./fem-results.tex
<../figures/q-1-load-0.pdf, id=659, 597.23125pt x 845.1575pt>
File: ../figures/q-1-load-0.pdf Graphic file (type pdf)

<use ../figures/q-1-load-0.pdf>
Package luatex.def Info: ../figures/q-1-load-0.pdf used on input line 35.
(luatex.def)             Requested size: 345.0pt x 488.2186pt.

Underfull \hbox (badness 10000) in paragraph at lines 26--42

 []


Underfull \hbox (badness 10000) in paragraph at lines 26--42

 []

) (./convergence-analysis.tex [50] [51<../figures/q-1-load-0.pdf>]
Underfull \hbox (badness 10000) in paragraph at lines 13--14

 []


Underfull \hbox (badness 10000) in paragraph at lines 113--115

 []

[52]
Overfull \hbox (1.90826pt too wide) in paragraph at lines 127--128
[]\T1/cmr/m/n/10 The lin-ear and cu-bic []FEM-Solutions seem to con-verge as $\
OMS/cmsy/m/n/10 O []$ \T1/cmr/m/n/10 and $\OMS/cmsy/m/n/10 O []$\T1/cmr/m/n/10 
.
 []

)) [53] [54]
\openout2 = conclusions.aux
 (./conclusions.tex
Chapter 5.

Underfull \hbox (badness 10000) in paragraph at lines 2--4

 []

) [55



]
\openout2 = Backmatter.aux
 (./Backmatter.tex (./main.bbl) [56



] [57

]
Appendix A.
(./main.tin
Overfull \hbox (409.30829pt too wide) in paragraph at lines 25--46
[] 
 []

[58

]
Overfull \hbox (438.99548pt too wide) in paragraph at lines 46--84
[] 
 []

[59]
Overfull \hbox (418.27832pt too wide) in paragraph at lines 84--121
[] 
 []

[60]
Overfull \hbox (439.24542pt too wide) in paragraph at lines 121--163
[] 
 []


Overfull \vbox (27.0pt too high) has occurred while \output is active []

 [61]
Overfull \hbox (443.43884pt too wide) in paragraph at lines 163--195
[] 
 []

[62]
Underfull \hbox (badness 1845) in paragraph at lines 204--204
[]\T1/cmr/m/n/10 is a pro-cess where we di-vide the whole re-gion into
 []


Overfull \hbox (443.43884pt too wide) in paragraph at lines 195--236
[] 
 []

[63]
Overfull \hbox (464.01715pt too wide) in paragraph at lines 236--272
[] 
 []

[64]
Overfull \hbox (444.35529pt too wide) in paragraph at lines 272--307
[] 
 []

[65]) [66]
Appendix B.
(./matLab-code.tex (c:/texlive/2016/texmf-dist/tex/latex/listings/lstlang1.sty
File: lstlang1.sty 2015/06/04 1.6 listings language file
)
Overfull \hbox (80.89925pt too wide) in paragraph at lines 32--33
[][][][][][][][][][][][][][][][][][][][][][][][][][][][][][][] 
 []

[67

]
Overfull \hbox (62.9035pt too wide) in paragraph at lines 40--42
[][][][][][][][][][][][][][][][][][][][][][][][][] 
 []


Overfull \hbox (80.89925pt too wide) in paragraph at lines 46--47
[][][][][][][][][][][][][][][][][][][][][][][][][][][][][] 
 []


Overfull \hbox (74.90067pt too wide) in paragraph at lines 51--53
[][][][][][][][][][][][][][][][][][][][][][][][] 
 []


Overfull \hbox (105.0pt too wide) in paragraph at lines 54--56
| 
 []


Overfull \hbox (14.91486pt too wide) in paragraph at lines 60--61
[][][][][][][][][][][][][][][][][][][][][] 
 []


Overfull \hbox (56.90492pt too wide) in paragraph at lines 62--64
[][][][][][][][][][][][][][][][][][][][][][][][] 
 []


Overfull \hbox (2.9177pt too wide) in paragraph at lines 81--82
[][][][][][][][][][][][][][][][][][][][][][] 
 []

[68]
Overfull \hbox (32.9106pt too wide) in paragraph at lines 115--116
[][][][][][][][][][][][][][][][][][][][][][][][][][][][] 
 []


Overfull \hbox (14.91486pt too wide) in paragraph at lines 116--118
[][][][][][][][][][][][][][][][][][][][][][][][][] 
 []


Overfull \hbox (56.90492pt too wide) in paragraph at lines 119--120
[][][][][][][][][][][][][][][][][][][][][][][][][][][][][][][][][][][][] 
 []


Overfull \hbox (2.9177pt too wide) in paragraph at lines 131--132
[][][][][][][][][][][][][][][][][][][][][][][][][][][][][][][][][][][][][][] 
 []

[69]
Overfull \hbox (8.91628pt too wide) in paragraph at lines 147--148
[][][][][][][][][][][][][][][][][][][][][][][][][][][][] 
 []


Overfull \hbox (56.90492pt too wide) in paragraph at lines 154--155
[][][][][][][][][][][][][][][][][][][][][][][][][][][][][][][][][][][] 
 []


Overfull \hbox (68.90208pt too wide) in paragraph at lines 171--172
[][][][][][][][][][][][][][][][][][][][][][][][][][][][][][][][][] 
 []


Overfull \hbox (80.89925pt too wide) in paragraph at lines 175--177
[][][][][][][][][][][][][][][][][][][][][][][][][][][] 
 []

[70]
Overfull \hbox (62.9035pt too wide) in paragraph at lines 203--205
[][][][][][][][][][][][][][][][][][][][][][][][][][][][][][][][][][][][][][][][
][][][] 
 []


Overfull \hbox (105.0pt too wide) in paragraph at lines 206--208
| 
 []


Overfull \hbox (92.89641pt too wide) in paragraph at lines 212--213
[][][][][][][][][][][][][][][][][][][][][][][][][][][] 
 []


Overfull \hbox (68.90208pt too wide) in paragraph at lines 215--216
[][][][][][][][][][][][][][][][][][][][][][][][] 
 []


Overfull \hbox (32.9106pt too wide) in paragraph at lines 217--218
[][][][][][][][][][][][][][][][][][] 
 []


Overfull \hbox (110.89215pt too wide) in paragraph at lines 221--222
[][][][][][][][][][][][][][][][][][][][][][][][][][][][][][][][][][][][] 
 []

[71]
Overfull \hbox (62.9035pt too wide) in paragraph at lines 229--230
[][][][][][][][][][][][][][][][][][][][][][][][] 
 []


Overfull \hbox (14.91486pt too wide) in paragraph at lines 230--231
[][][][][][][][][][][][][][][][][][][][][][][][][] 
 []


Overfull \hbox (80.89925pt too wide) in paragraph at lines 231--233
[][][][][][][][][][][][][][][][][][][][][][][][] 
 []


Overfull \hbox (105.0pt too wide) in paragraph at lines 234--236
| 
 []


Overfull \hbox (92.89641pt too wide) in paragraph at lines 241--242
[][][][][][][][][][][][][][][][][][][][][] 
 []


Overfull \hbox (74.90067pt too wide) in paragraph at lines 242--243
[][][][][][][][][][][][][][][][][][][][][][][][][] 
 []

[72]
Overfull \hbox (2.9177pt too wide) in paragraph at lines 279--280
[][][][][][][][][][][][][][][][][][][][][][][][][][][][][][][][][][][][][] 
 []


Overfull \hbox (26.91202pt too wide) in paragraph at lines 281--282
[][][][][][][][][][][][][][][][][][][][][][][][][][][][][][][][][][][][][] 
 []


Overfull \hbox (44.90776pt too wide) in paragraph at lines 285--286
[][][][][][][][][][][][][][][][][][][][][][][][] 
 []


Overfull \hbox (20.91344pt too wide) in paragraph at lines 286--288
[][][][][][][][][][][][][][][][][][][][][][][][][][][] 
 []


Overfull \hbox (32.9106pt too wide) in paragraph at lines 311--312
[][][][][][][][][][][][][][][][][][][][][][] 
 []

[73]
Overfull \hbox (44.90776pt too wide) in paragraph at lines 320--321
[][][][][][][][][][][][][][][][][][][] 
 []


Overfull \hbox (20.91344pt too wide) in paragraph at lines 321--322
[][][][][][][][][][][][][][][][][][] 
 []


Overfull \hbox (2.9177pt too wide) in paragraph at lines 324--325
[][][][][][][][][][][][][][][][][][][] 
 []


Overfull \hbox (2.9177pt too wide) in paragraph at lines 327--328
[][][][][][][][][][][][][][][][][][] 
 []


Overfull \hbox (56.90492pt too wide) in paragraph at lines 330--331
[][][][][][][][][][][][][][][][][][][][][] 
 []


Overfull \hbox (38.90918pt too wide) in paragraph at lines 338--339
[][][][][][][][][][][][][][][][][][][][][][][] 
 []


Overfull \hbox (56.90492pt too wide) in paragraph at lines 343--344
[][][][][][][][][][][][][][][][][][][][][][][] 
 []


Overfull \hbox (56.90492pt too wide) in paragraph at lines 348--349
[][][][][][][][][][][][][][][][][][][][][] 
 []


Overfull \hbox (32.9106pt too wide) in paragraph at lines 358--359
[][][][][][][][][][][][][][][][][][][][][][][] 
 []

[74

]
Overfull \hbox (56.90492pt too wide) in paragraph at lines 365--366
[][][][][][][][][][][][][][][][][][][][][][][] 
 []


Overfull \hbox (105.0pt too wide) in paragraph at lines 371--373
| 
 []


Overfull \hbox (38.90918pt too wide) in paragraph at lines 391--392
[][][][][][][][][][][][][][][][][][][][][] 
 []


Overfull \hbox (2.9177pt too wide) in paragraph at lines 392--393
[][][][][][][][][][][][][][][][][][][] 
 []


Overfull \hbox (92.89641pt too wide) in paragraph at lines 401--403
[][][][][][][][][][][][][][][][][][][][][][][][][][][][][][][][][][][][][][][][
][][][][][] 
 []


Overfull \hbox (92.89641pt too wide) in paragraph at lines 404--405
[][][][][][][][][][][][][][][][][][][][][][][][][][][][][][][][][][][][][][][][
][][][][] 
 []


Overfull \hbox (92.89641pt too wide) in paragraph at lines 409--410
[][][][][][][][][][][][][][][][][][][][][][][][][][][][][][][][][][][][][][][][
][][][][][][][][][][][] 
 []

[75]
Overfull \hbox (62.9035pt too wide) in paragraph at lines 419--421
[][][][][][][][][][][][][][][][][][][][][][][][][][][][][][][][][][][][][][][][
][][][] 
 []


Overfull \hbox (104.89357pt too wide) in paragraph at lines 426--428
[][][][][][][][][][][][][][][][][][][][][][][][][][][][][][][] 
 []


Overfull \hbox (98.89499pt too wide) in paragraph at lines 429--431
[][][][][][][][][][][][][][][][][][][][][][][][][][][][][][][][] 
 []


Overfull \hbox (32.9106pt too wide) in paragraph at lines 431--432
[][][][][][][][][][][][][][][][][][][] 
 []


Overfull \hbox (26.91202pt too wide) in paragraph at lines 441--442
[][][][][][][][][][][][][][][][][][][] 
 []


Overfull \hbox (14.91486pt too wide) in paragraph at lines 452--454
[][][][][][][][][][][][][][][][][][][][][][][][][][][][][][][] 
 []


Overfull \hbox (105.0pt too wide) in paragraph at lines 455--456
| 
 []

[76]
Overfull \hbox (68.90208pt too wide) in paragraph at lines 461--462
[][][][][][][][][][][][][][][][][][][][][][][][][][] 
 []


Overfull \hbox (62.9035pt too wide) in paragraph at lines 462--464
[][][][][][][][][][][][][][][][][][][][][][][][][] 
 []


Overfull \hbox (80.89925pt too wide) in paragraph at lines 464--465
[][][][][][][][][][][][][][][][][][][][][][][][][] 
 []


Overfull \hbox (74.90067pt too wide) in paragraph at lines 465--467
[][][][][][][][][][][][][][][][][][][][][][][][] 
 []


Overfull \hbox (44.90776pt too wide) in paragraph at lines 472--474
[][][][][][][][][][][][][][][][][][][][][][][][][] 
 []


Overfull \hbox (86.89783pt too wide) in paragraph at lines 484--485
[][][][][][][][][][][][][][][][][][][][][][][][][][][] 
 []


Overfull \hbox (62.9035pt too wide) in paragraph at lines 488--489
[][][][][][][][][][][][][][][][][][][][][][][][][][][][][][][][][][][][][][][][
][] 
 []


Overfull \hbox (38.90918pt too wide) in paragraph at lines 492--494
[][][][][][][][][][][][][][][][][][][][][][][][][] 
 []


Overfull \hbox (98.89499pt too wide) in paragraph at lines 504--505
[][][][][][][][][][][][][][][][][][][][][][][][][][][] 
 []

[77

]
Overfull \hbox (105.0pt too wide) in paragraph at lines 515--517
| 
 []


Overfull \hbox (32.9106pt too wide) in paragraph at lines 522--523
[][][][][][][][][][][][][][][][][][][][][] 
 []


Overfull \hbox (14.91486pt too wide) in paragraph at lines 527--528
[][][][][][][][][][][][][][][][][][][][][] 
 []


Overfull \hbox (32.9106pt too wide) in paragraph at lines 528--529
[][][][][][][][][][][][][][][][][][][][][][][][][][][] 
 []


Overfull \hbox (8.91628pt too wide) in paragraph at lines 531--532
[][][][][][][][][][][][][][][][][][][][][] 
 []


Overfull \hbox (44.90776pt too wide) in paragraph at lines 533--536
[][][][][][][][][][][][][][][][][][] 
 []


Overfull \hbox (56.90492pt too wide) in paragraph at lines 536--537
[][][][][][][][][][][][][][][][][][][][][][][][][][][] 
 []


Overfull \hbox (8.91628pt too wide) in paragraph at lines 539--540
[][][][][][][][][][][][][][][][][][][] 
 []

[78]
Overfull \hbox (32.9106pt too wide) in paragraph at lines 559--560
[][][][][][][][][][][][][][][][][][][][][][][][][][][][][][][][][][][][][][][][
] 
 []


Overfull \hbox (20.91344pt too wide) in paragraph at lines 563--564
[][][][][][][][][][][][][][][][][][][][][][][][][][][][] 
 []


Overfull \hbox (32.9106pt too wide) in paragraph at lines 569--570
[][][][][][][][][][][][][][][][][][][][][][][][][][][][][][][][][][][][][] 
 []


Overfull \hbox (38.90918pt too wide) in paragraph at lines 570--572
[][][][][][][][][][][][][][][][][][][][][][][][][][][][][][][][][][][][] 
 []

)) [79] (./main.aux (./frontmatter.aux) (./a-mechanical-problem.aux)
(./finite-element-approach.aux) (./error-estimates.aux) (./results.aux)
(./conclusions.aux) (./Backmatter.aux))

LaTeX Warning: Label(s) may have changed. Rerun to get cross-references right.

)

Here is how much of LuaTeX's memory you used:
 31745 strings out of 495118
 125006,953878 words of node,token memory allocated
 42957 words of node memory still in use:
   91 hlist, 16 vlist, 6 rule, 18 math, 5832 glue, 19 kern, 91 glyph, 54 glue_sp
ec, 7 write nodes
   avail lists: 1:2,2:94,3:234,4:420,5:1394,6:3408,7:2653,8:654,9:1859,10:21,11:
247
 34001 multiletter control sequences out of 65536+600000
 106 fonts using 3079659 bytes
 50i,19n,82p,1935b,1476s stack positions out of 5000i,500n,10000p,200000b,100000s
{c:/texlive/2016/texmf-dist/fonts/enc/dvips/cm-super/cm-super-t1.enc}<c:/texlive
/2016/texmf-dist/fonts/type1/public/amsfonts/cm/cmbx10.pfb><c:/texlive/2016/texm
f-dist/fonts/type1/public/amsfonts/cm/cmbx9.pfb><c:/texlive/2016/texmf-dist/font
s/type1/public/amsfonts/cm/cmex10.pfb><c:/texlive/2016/texmf-dist/fonts/type1/pu
blic/amsfonts/cmextra/cmex9.pfb><c:/texlive/2016/texmf-dist/fonts/type1/public/a
msfonts/cm/cmmi10.pfb><c:/texlive/2016/texmf-dist/fonts/type1/public/amsfonts/cm
/cmmi12.pfb><c:/texlive/2016/texmf-dist/fonts/type1/public/amsfonts/cm/cmmi5.pfb
><c:/texlive/2016/texmf-dist/fonts/type1/public/amsfonts/cm/cmmi6.pfb><c:/texliv
e/2016/texmf-dist/fonts/type1/public/amsfonts/cm/cmmi7.pfb><c:/texlive/2016/texm
f-dist/fonts/type1/public/amsfonts/cm/cmmi8.pfb><c:/texlive/2016/texmf-dist/font
s/type1/public/amsfonts/cm/cmmi9.pfb><c:/texlive/2016/texmf-dist/fonts/type1/pub
lic/amsfonts/cm/cmmib10.pfb><c:/texlive/2016/texmf-dist/fonts/type1/public/amsfo
nts/cm/cmr10.pfb><c:/texlive/2016/texmf-dist/fonts/type1/public/amsfonts/cm/cmr5
.pfb><c:/texlive/2016/texmf-dist/fonts/type1/public/amsfonts/cm/cmr6.pfb><c:/tex
live/2016/texmf-dist/fonts/type1/public/amsfonts/cm/cmr7.pfb><c:/texlive/2016/te
xmf-dist/fonts/type1/public/amsfonts/cm/cmr8.pfb><c:/texlive/2016/texmf-dist/fon
ts/type1/public/amsfonts/cm/cmr9.pfb><c:/texlive/2016/texmf-dist/fonts/type1/pub
lic/amsfonts/cm/cmsy10.pfb><c:/texlive/2016/texmf-dist/fonts/type1/public/amsfon
ts/cm/cmsy5.pfb><c:/texlive/2016/texmf-dist/fonts/type1/public/amsfonts/cm/cmsy7
.pfb><c:/texlive/2016/texmf-dist/fonts/type1/public/amsfonts/cm/cmsy8.pfb><c:/te
xlive/2016/texmf-dist/fonts/type1/public/amsfonts/symbols/msbm10.pfb><c:/texlive
/2016/texmf-dist/fonts/type1/public/cm-super/sfbx1000.pfb><c:/texlive/2016/texmf
-dist/fonts/type1/public/cm-super/sfbx1200.pfb><c:/texlive/2016/texmf-dist/fonts
/type1/public/cm-super/sfbx1440.pfb><c:/texlive/2016/texmf-dist/fonts/type1/publ
ic/cm-super/sfbx2074.pfb><c:/texlive/2016/texmf-dist/fonts/type1/public/cm-super
/sfbx2488.pfb><c:/texlive/2016/texmf-dist/fonts/type1/public/cm-super/sfrm0500.p
fb><c:/texlive/2016/texmf-dist/fonts/type1/public/cm-super/sfrm0600.pfb><c:/texl
ive/2016/texmf-dist/fonts/type1/public/cm-super/sfrm0700.pfb><c:/texlive/2016/te
xmf-dist/fonts/type1/public/cm-super/sfrm0800.pfb><c:/texlive/2016/texmf-dist/fo
nts/type1/public/cm-super/sfrm1000.pfb><c:/texlive/2016/texmf-dist/fonts/type1/p
ublic/cm-super/sfrm1200.pfb><c:/texlive/2016/texmf-dist/fonts/type1/public/cm-su
per/sfrm1728.pfb><c:/texlive/2016/texmf-dist/fonts/type1/public/cm-super/sfsl100
0.pfb><c:/texlive/2016/texmf-dist/fonts/type1/public/cm-super/sfti0800.pfb><c:/t
exlive/2016/texmf-dist/fonts/type1/public/cm-super/sfti1000.pfb>
Output written on main.pdf (88 pages, 5456991 bytes).

PDF statistics: 888 PDF objects out of 1000 (max. 8388607)
 511 compressed objects within 6 object streams
 0 named destinations out of 1000 (max. 131072)
 1 words of extra memory for PDF output out of 10000 (max. 10000000)

